// Jest Snapshot v1, https://goo.gl/fbAQLP

exports[`renders component correctly 1`] = `
<View>
  <View
    accessibilityComponentType={undefined}
    accessibilityLabel={undefined}
    accessibilityTraits={undefined}
    accessible={true}
    hasTVPreferredFocus={undefined}
    hitSlop={undefined}
    isTVSelectable={true}
    nativeID={undefined}
    onLayout={undefined}
    onResponderGrant={[Function]}
    onResponderMove={[Function]}
    onResponderRelease={[Function]}
    onResponderTerminate={[Function]}
    onResponderTerminationRequest={[Function]}
    onStartShouldSetResponder={[Function]}
    style={null}
    testID={undefined}
    tvParallaxProperties={undefined}
  >
    <View
      style={
        Array [
          Object {
            "alignItems": "center",
            "borderColor": "#606060",
            "borderRadius": 0,
            "borderWidth": 2,
            "flexDirection": "row",
            "height": 40,
            "justifyContent": "center",
            "padding": 5,
          },
          Object {
            "marginTop": 5,
          },
        ]
      }
    >
      <Text
        accessible={true}
        allowFontScaling={true}
        ellipsizeMode="tail"
        style={
          Array [
            Object {
              "color": "#606060",
              "fontFamily": "montserrat-bold",
              "fontSize": 16,
              "padding": 5,
              "textAlign": "center",
            },
            undefined,
          ]
        }
      >
        Test Button
      </Text>
    </View>
  </View>
</View>
`;
