// Jest Snapshot v1, https://goo.gl/fbAQLP

exports[`Header renders component and match snap shot 1`] = `
<ContextConsumer>
  <Component />
</ContextConsumer>
`;
