// Jest Snapshot v1, https://goo.gl/fbAQLP

exports[`ResetPassword Component should render and display 1`] = `
<ContextConsumer>
  <Component />
</ContextConsumer>
`;
