// Jest Snapshot v1, https://goo.gl/fbAQLP

exports[`Footer Render and match snapshot 1`] = `
<div
  className="footer"
>
  <div>
    Andy Nguyen @ ishouty all rights reserved
  </div>
</div>
`;
